C51 COMPILER V9.01   SUB                                                                   05/12/2026 09:28:30 PAGE 1   


C51 COMPILER V9.01, COMPILATION OF MODULE SUB
OBJECT MODULE PLACED IN sub.OBJ
COMPILER INVOKED BY: C:\Keil\C51\BIN\C51.EXE sub.c BROWSE DEBUG OBJECTEXTEND

line level    source

   1          #include <REGX52.H>
   2          
   3          // ================= FAN =================
   4          #define FAN P2_7
   5          
   6          // ================= FIRE/SMOKE =================
   7          #define FIRE_SENSOR P2_6
   8          #define LED_RED     P3_5
   9          #define BUZZER      P3_6
  10          #define MOTOR       P3_7
  11          
  12          // ================= ADC =================
  13          #define ADC_DATA P1
  14          #define ADC_CS   P3_0
  15          #define ADC_RD   P3_1
  16          #define ADC_WR   P3_2
  17          #define ADC_INTR P3_3
  18          
  19          // ================= LED 7 SEG =================
  20          #define LED_DIGIT1 P2_0
  21          #define LED_DIGIT2 P2_1
  22          
  23          unsigned char led7[] = {0xC0,0xF9,0xA4,0xB0,0x99,0x92,0x82,0xF8,0x80,0x90};
  24          
  25          unsigned char nhietDo = 0;
  26          
  27          // ================= DELAY =================
  28          void delay_ms(int ms)
  29          {
  30   1          int i,j;
  31   1          for(i=0;i<ms;i++)
  32   1              for(j=0;j<120;j++);
  33   1      }
  34          
  35          // ================= ADC =================
  36          unsigned char ADC_Read()
  37          {
  38   1          unsigned char adc_value;
  39   1      
  40   1          ADC_DATA = 0xFF;
  41   1          ADC_CS = 0;
  42   1      
  43   1          ADC_WR = 0;
  44   1          delay_ms(1);
  45   1          ADC_WR = 1;
  46   1      
  47   1          while(ADC_INTR == 1);
  48   1      
  49   1          ADC_RD = 0;
  50   1          adc_value = ADC_DATA;
  51   1          ADC_RD = 1;
  52   1      
  53   1          ADC_CS = 1;
  54   1      
  55   1          return adc_value;
C51 COMPILER V9.01   SUB                                                                   05/12/2026 09:28:30 PAGE 2   

  56   1      }
  57          
  58          void Update_NhietDo()
  59          {
  60   1          unsigned int temp;
  61   1      
  62   1          temp = (unsigned int)ADC_Read() * 500 / 255;
  63   1      
  64   1          if(temp > 99)
  65   1              temp = 99;
  66   1      
  67   1          nhietDo = (unsigned char)temp;
  68   1      }
  69          
  70          // ================= DISPLAY 7 SEG =================
  71          void display_digit(unsigned char digit, unsigned char num)
  72          {
  73   1          LED_DIGIT1 = 0;
  74   1          LED_DIGIT2 = 0;
  75   1      
  76   1          P0 = led7[num];
  77   1      
  78   1          if(digit == 1)
  79   1              LED_DIGIT1 = 1;
  80   1          else
  81   1              LED_DIGIT2 = 1;
  82   1      
  83   1          delay_ms(5);
  84   1      
  85   1          LED_DIGIT1 = 0;
  86   1          LED_DIGIT2 = 0;
  87   1      }
  88          
  89          void display7seg(unsigned char num)
  90          {
  91   1          unsigned char chuc, donvi;
  92   1      
  93   1          chuc = num/10;
  94   1          donvi = num%10;
  95   1      
  96   1          display_digit(1, chuc);
  97   1          display_digit(2, donvi);
  98   1      }
  99          
 100          // ================= FIRE/SMOKE =================
 101          void Handle_FireSmoke()
 102          {
 103   1          if(FIRE_SENSOR == 1)
 104   1          {
 105   2              LED_RED = 1;
 106   2              BUZZER = 1;
 107   2              MOTOR = 1;
 108   2          }
 109   1          else
 110   1          {
 111   2              LED_RED = 0;
 112   2              BUZZER = 0;
 113   2              MOTOR = 0;
 114   2          }
 115   1      }
 116          
 117          // ================= MAIN =================
C51 COMPILER V9.01   SUB                                                                   05/12/2026 09:28:30 PAGE 3   

 118          void main()
 119          {
 120   1          while(1)
 121   1          {
 122   2              Update_NhietDo();
 123   2              Handle_FireSmoke();
 124   2      
 125   2              if(nhietDo >= 35)
 126   2              {
 127   3                  FAN = 1;
 128   3              }
 129   2              else
 130   2              {
 131   3                  FAN = 0;
 132   3              }
 133   2      
 134   2              // ===== LED 7 do?n =====
 135   2              display7seg(nhietDo);
 136   2      
 137   2          }
 138   1      }


MODULE INFORMATION:   STATIC OVERLAYABLE
   CODE SIZE        =    200    ----
   CONSTANT SIZE    =   ----    ----
   XDATA SIZE       =   ----    ----
   PDATA SIZE       =   ----    ----
   DATA SIZE        =     11    ----
   IDATA SIZE       =   ----    ----
   BIT SIZE         =   ----    ----
END OF MODULE INFORMATION.


C51 COMPILATION COMPLETE.  0 WARNING(S),  0 ERROR(S)
